shell              diam seed |  GCN_far Heat_far   QW_far
iridium66             9    0 |   0.1282   0.1121   0.0667
iridium66             9    1 |   0.1448   0.0807   0.0695
iridium66             9    2 |   0.1249   0.0784   0.0706
starlink_mini132     16    0 |   0.1493   0.0971   0.0873
starlink_mini132     16    1 |   0.1426   0.1188   0.0797
starlink_mini132     16    2 |   0.1459   0.1087   0.0882
starlink_mini264     28    0 |   0.1641   0.1235   0.1108
starlink_mini264     28    1 |   0.1636   0.1550   0.1161
starlink_mini264     28    2 |   0.1620   0.1252   0.1065

========================================================================
shell              diam |  Heat_far    QW_far   absGap win/cells
iridium66             9 |    0.0904    0.0689   0.0215    3/3   
starlink_mini132     16 |    0.1082    0.0850   0.0232    3/3   
starlink_mini264     28 |    0.1346    0.1111   0.0235    3/3   

P1 VERDICT
  QW beats Heat (far) in 9/9 param-matched cells
  absolute far-node gap vs diameter slope: +0.00009 /hop
  => PASS: Pillar 1 holds on real LEO topology. Proceed to P2/P3.
========================================================================
