train on: ['iridium66', 'starlink_mini132']  ->  zero-shot test

model test_shell         diam seed |  delivery stretch_med stretch_p90
GCN   starlink_mini264     28    0 |     0.149       1.000       1.054
Heat  starlink_mini264     28    0 |     0.634       1.030       1.107
QW    starlink_mini264     28    0 |     0.702       1.037       1.114
GCN   starlink_mini264     28    1 |     0.134       1.017       1.071
Heat  starlink_mini264     28    1 |     0.604       1.036       1.127
QW    starlink_mini264     28    1 |     0.884       1.047       1.160
GCN   starlink_mini264     28    2 |     0.162       1.000       1.048
Heat  starlink_mini264     28    2 |     0.629       1.039       1.136
QW    starlink_mini264     28    2 |     0.697       1.043       1.160

========================================================================
model test_shell         |  delivery stretch_med
GCN   starlink_mini264   |     0.148       1.006
Heat  starlink_mini264   |     0.622       1.035
QW    starlink_mini264   |     0.761       1.042

P3 VERDICT (zero-shot routing on unseen larger shells)
  => NOT YET: no model hits delivery>=0.95 & stretch<=1.10 zero-shot.
           Inspect failure modes (local minima) before claiming P3.
========================================================================
