shell              pairs seed | maxutil |  blind_ttt     ue_ttt  gain% |  blind_dl     ue_dl
starlink_mini132     100    0 |    0.57 |        4.9        4.9   0.0% |     0.047     0.047
starlink_mini132     100    1 |    0.64 |        4.8        4.8   0.0% |     0.050     0.050
starlink_mini132     100    2 |    0.85 |        4.8        4.8   0.2% |     0.053     0.052
starlink_mini132     300    0 |    1.91 |       16.4       15.2   7.8% |     0.056     0.052
starlink_mini132     300    1 |    2.06 |       17.2       15.5   9.5% |     0.056     0.051
starlink_mini132     300    2 |    2.02 |       17.9       15.9  10.9% |     0.060     0.054
starlink_mini132     600    0 |    3.47 |       83.3       35.9  56.9% |     0.142     0.061
starlink_mini132     600    1 |    3.37 |       78.2       34.8  55.4% |     0.135     0.060
starlink_mini132     600    2 |    3.56 |       74.3       34.2  54.0% |     0.127     0.059
starlink_mini132    1000    0 |    6.65 |      910.3       79.8  91.2% |     0.915     0.081
starlink_mini132    1000    1 |    6.23 |      702.7       77.2  89.0% |     0.739     0.080
starlink_mini132    1000    2 |    5.84 |      776.8       82.1  89.4% |     0.781     0.083
starlink_mini132    1600    0 |    9.26 |     7888.4      184.8  97.7% |     5.000     0.117
starlink_mini132    1600    1 |    9.41 |     7624.6      182.6  97.6% |     4.842     0.116
starlink_mini132    1600    2 |    8.96 |     6787.6      174.9  97.4% |     4.264     0.110
starlink_mini264     100    0 |    0.69 |        6.7        6.7   0.0% |     0.068     0.066
starlink_mini264     100    1 |    0.64 |        6.6        6.6   0.0% |     0.070     0.070
starlink_mini264     100    2 |    0.73 |        6.8        6.8   0.0% |     0.075     0.074
starlink_mini264     300    0 |    1.72 |       22.9       21.1   7.8% |     0.079     0.071
starlink_mini264     300    1 |    1.84 |       25.3       22.7  10.2% |     0.083     0.075
starlink_mini264     300    2 |    2.00 |       26.2       22.7  13.5% |     0.087     0.076
starlink_mini264     600    0 |    3.47 |      135.4       47.8  64.7% |     0.228     0.080
starlink_mini264     600    1 |    3.45 |      122.1       47.9  60.8% |     0.206     0.082
starlink_mini264     600    2 |    3.77 |      117.5       46.8  60.2% |     0.198     0.079
starlink_mini264    1000    0 |    5.47 |     1139.8       87.8  92.3% |     1.144     0.089
starlink_mini264    1000    1 |    5.17 |      982.3       84.4  91.4% |     1.021     0.087
starlink_mini264    1000    2 |    5.55 |     1142.4       87.5  92.3% |     1.138     0.087
starlink_mini264    1600    0 |    8.24 |     8841.2      196.4  97.8% |     5.595     0.124
starlink_mini264    1600    1 |    8.93 |    10348.3      197.0  98.1% |     6.625     0.124
starlink_mini264    1600    2 |    7.99 |     8790.3      199.4  97.7% |     5.384     0.125

==============================================================================
shell              pairs avg_util |  TTT gain% (blind->UE)
starlink_mini132     100     0.59 |                   0.1%
starlink_mini132     300     1.18 |                   9.4%
starlink_mini132     600     1.64 |                  55.4%
starlink_mini132    1000     2.15 |                  89.9%
starlink_mini132    1600     2.39 |                  97.6%
starlink_mini264     100     0.68 |                   0.0%
starlink_mini264     300     1.08 |                  10.5%
starlink_mini264     600     1.34 |                  61.9%
starlink_mini264    1000     1.52 |                  92.0%
starlink_mini264    1600     2.15 |                  97.9%

HEADROOM VERDICT
  light-load gain: 0.0%   loaded-peak gain: 97.9%
  => HEADROOM EXISTS (genuine, load-induced): blind shortest-path wastes
     tens of % of travel time by overloading bottlenecks under load;
     congestion-aware routing recovers it. A GNN target with real signal.
==============================================================================
