QUALITY (TTT relative to blind, lower=better; blind=1.00)

seed split      |     UE     SO    geo  1step    GNN | geo_stuck
   0 in-dist    |   0.40   0.39   0.83   1.14   0.63   0.42 |      55%
   0 ood        |   0.06   0.06   0.80   0.57   0.09   0.11 |      68%
   1 in-dist    |   0.40   0.39   0.75   0.99   0.57   0.41 |      53%
   1 ood        |   0.05   0.05   0.80   0.50   0.07   0.14 |      68%
   2 in-dist    |   0.42   0.41   0.77   1.00   0.60   0.44 |      52%
   2 ood        |   0.05   0.05   0.80   0.58   0.08   0.11 |      69%

INFERENCE TIME (GNN one-shot vs UE/MSA)

shell          n pairs |  t_gnn(s)   t_ue(s)  speedup
w132         132   600 |     0.048     0.993    20.6x
w264         264  1200 |     0.244     5.323    21.8x

========================================================================
Mean TTT relative to blind (1.00); UE is the congestion-aware reference.
  in-dist  | SO 0.39  UE 0.40  geo 0.78  1step 1.04  GNN 0.42  (geo stuck 53%)
  ood      | SO 0.05  UE 0.05  geo 0.80  1step 0.55  GNN 0.12  (geo stuck 68%)

GNN vs UE/MSA speedup: 21x - 22x  [20.6, 21.8]

P6 VERDICT
  => GNN (0.12) is the best deployable policy zero-shot: beats 1-step (0.55), geo (0.80), blind (1.00),
     recovers 93% of the blind->UE gain, at ~21x less compute than UE. Residual gap to UE remains.
========================================================================
