seed  drift |  blind     UE  react proact
   0   0.00 |   1.00   0.51   0.56   0.56
   0   0.30 |   1.00   0.45   0.70   0.54
   0   0.60 |   1.00   0.45   0.88   0.54
   0   1.00 |   1.00   0.45   1.19   0.50
   0   1.50 |   1.00   0.42   1.58   0.44
   1   0.00 |   1.00   0.42   0.45   0.45
   1   0.30 |   1.00   0.47   0.58   0.55
   1   0.60 |   1.00   0.46   0.81   0.55
   1   1.00 |   1.00   0.40   1.03   0.44
   1   1.50 |   1.00   0.33   1.69   0.35
   2   0.00 |   1.00   0.38   0.48   0.48
   2   0.30 |   1.00   0.39   0.46   0.45
   2   0.60 |   1.00   0.42   0.60   0.51
   2   1.00 |   1.00   0.33   0.79   0.37
   2   1.50 |   1.00   0.32   1.63   0.35

================================================================
 drift |     UE  reactive  proactive  pro gain%
  0.00 |   0.44      0.50       0.50       0.0%
  0.30 |   0.44      0.58       0.51      11.5%
  0.60 |   0.44      0.76       0.53      30.0%
  1.00 |   0.39      1.00       0.43      56.7%
  1.50 |   0.35      1.63       0.38      76.6%

P7 VERDICT
  proactive-over-reactive TTT gain grows with drift, peak 77%
  => C4 holds: under drifting hotspots, proactive routing (predicted
     demand) materially beats reactive lag-1. Temporal pillar confirmed.
================================================================
