R1.1 -- do nhay cua nhiet do softmin

vo               sd |   t=0.02   t=0.05   t=0.1    t=0.2    t=0.35   t=0.5    t=1   
w132 (trained)    0 |    0.889    0.921    0.958    0.971    0.946    0.920    0.867
w132 (trained)    1 |    0.912    0.944    0.970    0.966    0.921    0.873    0.774
w132 (trained)    2 |    0.848    0.909    0.966    0.976    0.931    0.883    0.785
w264 (unseen)     0 |    0.580    0.685    0.816    0.922    0.961    0.971    0.976
w264 (unseen)     1 |    0.580    0.685    0.809    0.917    0.956    0.967    0.975
w264 (unseen)     2 |    0.560    0.653    0.789    0.914    0.957    0.967    0.973

# da ghi results/r1_1_tau_sweep.csv (6 dong)

=== TRUNG VI theo vo ===
vo                 t=0.02   t=0.05   t=0.1    t=0.2    t=0.35   t=0.5    t=1   
w132 (trained)      0.889    0.921    0.966    0.971    0.931    0.883    0.785
  tot nhat tai tau=0.2 (0.971); tau=0.2 dung trong bai cho 0.971, kem +0.000
  doan PHANG quanh gia tri dang dung (lech <= 0.02): tau in [0.1, 0.2]

w264 (unseen)       0.580    0.685    0.809    0.917    0.957    0.967    0.975
  tot nhat tai tau=1 (0.975); tau=0.2 dung trong bai cho 0.917, kem +0.058
  doan PHANG quanh gia tri dang dung (lech <= 0.02): tau in [0.2]

=== KET LUAN ===
  ⚠ Ket qua PHU THUOC vao tau: phai khai la mot sieu tham so da chon, va bao ca duong
  cong chu khong chi mot diem.
