R2.7f -- chinh CA HAI ben theo tung vo

  w132_i53 seed 0 xong
  w132_i53 seed 1 xong
  w132_i53 seed 2 xong
  w198_i53 seed 0 xong
  w198_i53 seed 1 xong
  w198_i53 seed 2 xong
  w264_i53 seed 0 xong
  w264_i53 seed 1 xong
  w264_i53 seed 2 xong
  w264_i70 seed 0 xong
  w264_i70 seed 1 xong
  w264_i70 seed 2 xong

# da ghi results/r2_7_fair_tuned.csv (12 dong)

vo           GNN@0.2   GNN tot   tau*  ECMP tot   eps*  chenh cong bang
w132_i53       0.971     0.971    0.2     0.638    0.1           +0.333
w198_i53       0.904     0.986      2     0.978    0.2           +0.008
w264_i53       0.917     0.977      2     0.976    0.2           +0.001
w264_i70       0.934     0.990      2     0.970    0.5           +0.020

=== PHAN QUYET ===
  w132_i53  : chinh cong bang -> GNN 0.971 (tau=0.2) vs ECMP 0.638 (eps=0.1) = +0.333, thang 3/3  [GNN thang]
  w198_i53  : chinh cong bang -> GNN 0.986 (tau=2) vs ECMP 0.978 (eps=0.2) = +0.008, thang 3/3  [GNN thang]
                        tau co dinh 0.2 chi cho 0.904, tuc bo giai ma lam mat 0.081
  w264_i53  : chinh cong bang -> GNN 0.977 (tau=2) vs ECMP 0.976 (eps=0.2) = +0.001, thang 2/3  [GNN thang]
                        tau co dinh 0.2 chi cho 0.917, tuc bo giai ma lam mat 0.060
  w264_i70  : chinh cong bang -> GNN 0.990 (tau=2) vs ECMP 0.970 (eps=0.5) = +0.020, thang 3/3  [GNN thang]
                        tau co dinh 0.2 chi cho 0.934, tuc bo giai ma lam mat 0.056

  ⇒ Khi CA HAI cung duoc chinh, GNN thang tren MOI vo. Ket luan 'thua ngoai phan
     phoi' phai thu hep thanh 'thua O GIA TRI GIAI MA CO DINH cua ban thao'.
