R2.7d -- da dang HUAN LUYEN co cuu duoc chuyen giao khong?
ngan sach GIONG NHAU: 12 thuc the moi nhanh

  single   : 12 thuc the tu 132sat/inc0.925025x12
  mix      : 12 thuc the tu 132sat/inc0.925025x4, 198sat/inc0.925025x4, 132sat/inc1.22173x4

vo         sd khe  single     mix |  e=0.05  e=0.1   e=0.2   e=0.35  e=0.5 
w264_i53    0   1   0.943   0.986 |   0.843   0.923   0.974   0.974   0.974
w264_i53    0   2   0.924   0.974 |   0.752   0.900   0.967   0.968   0.968
w264_i53    1   1   0.906   0.977 |   0.808   0.889   0.962   0.962   0.962
w264_i53    1   2   0.923   0.973 |   0.778   0.882   0.957   0.958   0.958
w264_i53    2   1   0.950   0.979 |   0.827   0.919   0.974   0.974   0.974
w264_i53    2   2   0.933   0.979 |   0.725   0.886   0.973   0.973   0.973
w396_i53    0   1   0.918   0.973 |   0.799   0.834   0.957   0.957   0.957
w396_i53    0   2   0.917   0.972 |   0.731   0.811   0.963   0.963   0.963
w396_i53    1   1   0.928   0.976 |   0.767   0.848   0.961   0.962   0.962
w396_i53    1   2   0.866   0.951 |   0.685   0.725   0.936   0.936   0.936
w396_i53    2   1   0.930   0.979 |   0.772   0.883   0.972   0.972   0.972
w396_i53    2   2   0.874   0.968 |   0.699   0.816   0.959   0.959   0.959
w264_i70    0   1   0.936   0.967 |   0.565   0.742   0.891   0.947   0.953
w264_i70    0   2   0.911   0.939 |   0.456   0.592   0.812   0.911   0.922
w264_i70    1   1   0.932   0.967 |   0.492   0.703   0.886   0.947   0.951
w264_i70    1   2   0.955   0.945 |   0.465   0.640   0.839   0.925   0.933
w264_i70    2   1   0.941   0.961 |   0.525   0.739   0.900   0.951   0.957
w264_i70    2   2   0.928   0.922 |   0.508   0.684   0.852   0.931   0.938

# da ghi results/r2_7_train_mix.csv (18 dong)

=== TRUNG VI theo vo THU (ca hai nhanh deu CHUA THAY cac vo nay) ===
vo           single      mix  ecmp tot   eps | mix - single  mix - ecmp
w264_i53      0.929    0.978     0.970  0.35 |       +0.049      +0.007
w396_i53      0.917    0.972     0.960  0.35 |       +0.055      +0.012
w264_i70      0.934    0.953     0.944   0.5 |       +0.019      +0.009

=== PHAN QUYET ===
  da dang giup tren 3/3 vo thu
  w264_i53  : single 0.929 -> mix 0.978 (ecmp 0.970 o eps=0.35), thang 6/6  [mix THANG ecmp]
  w396_i53  : single 0.917 -> mix 0.972 (ecmp 0.960 o eps=0.35), thang 6/6  [mix THANG ecmp]
  w264_i70  : single 0.934 -> mix 0.953 (ecmp 0.944 o eps=0.5), thang 5/6  [mix THANG ecmp]

  ✅ Da dang huan luyen CUU duoc chuyen giao tren MOI vo thu.
     Day la loi CONG THUC HUAN LUYEN, sua duoc, va tuyen bo chuyen giao song
     o dang manh hon vi da vuot mot baseline mu nghiem tuc.
