R2.7c -- quet eps tren THANG kich thuoc vo + mot vo doi nghieng

da huan luyen tren 132 sat.

vo         sd khe     gnn |  e=0     e=0.02  e=0.05  e=0.1   e=0.2   e=0.35  e=0.5 
w132_i53    0   1   0.977 |   0.000   0.406   0.587   0.674   0.663   0.644   0.644
w132_i53    0   2   0.951 |   0.000   0.176   0.441   0.515   0.425   0.425   0.425
w132_i53    1   1   0.992 |   0.000   0.350   0.577   0.719   0.712   0.705   0.705
w132_i53    1   2   0.970 |   0.000   0.103   0.414   0.578   0.623   0.623   0.623
w132_i53    2   1   0.986 |  -0.000   0.402   0.623   0.755   0.719   0.713   0.713
w132_i53    2   2   0.982 |   0.000   0.172   0.476   0.645   0.651   0.651   0.651
w198_i53    0   1   0.856 |   0.000   0.495   0.872   0.934   0.966   0.966   0.966
w198_i53    0   2   0.897 |  -0.000   0.447   0.805   0.918   0.975   0.975   0.975
w198_i53    1   1   0.916 |   0.000   0.430   0.806   0.910   0.970   0.970   0.970
w198_i53    1   2   0.924 |   0.000   0.455   0.771   0.868   0.962   0.963   0.963
w198_i53    2   1   0.918 |   0.000   0.523   0.872   0.921   0.975   0.975   0.975
w198_i53    2   2   0.915 |  -0.000   0.486   0.833   0.887   0.960   0.960   0.960
w264_i53    0   1   0.928 |  -0.000   0.536   0.843   0.923   0.974   0.973   0.973
w264_i53    0   2   0.869 |   0.000   0.439   0.752   0.900   0.967   0.968   0.968
w264_i53    1   1   0.880 |  -0.000   0.497   0.809   0.889   0.962   0.962   0.962
w264_i53    1   2   0.918 |  -0.000   0.438   0.778   0.882   0.957   0.957   0.957
w264_i53    2   1   0.907 |  -0.000   0.493   0.827   0.919   0.974   0.974   0.974
w264_i53    2   2   0.889 |  -0.000   0.409   0.725   0.886   0.973   0.973   0.973
w396_i53    0   1   0.937 |  -0.000   0.574   0.799   0.834   0.957   0.957   0.957
w396_i53    0   2   0.939 |  -0.000   0.526   0.731   0.811   0.963   0.963   0.963
w396_i53    1   1   0.929 |   0.000   0.522   0.767   0.848   0.961   0.962   0.962
w396_i53    1   2   0.918 |  -0.000   0.476   0.685   0.725   0.936   0.936   0.936
w396_i53    2   1   0.938 |  -0.000   0.494   0.772   0.883   0.972   0.972   0.972
w396_i53    2   2   0.865 |   0.000   0.486   0.699   0.816   0.959   0.959   0.959
w264_i70    0   1   0.940 |   0.000   0.228   0.565   0.742   0.891   0.947   0.953
w264_i70    0   2   0.930 |  -0.000   0.124   0.456   0.592   0.812   0.911   0.922
w264_i70    1   1   0.926 |   0.000   0.126   0.492   0.703   0.886   0.946   0.951
w264_i70    1   2   0.943 |  -0.000   0.104   0.465   0.640   0.839   0.925   0.933
w264_i70    2   1   0.934 |   0.000   0.202   0.525   0.739   0.900   0.951   0.957
w264_i70    2   2   0.931 |  -0.000   0.163   0.508   0.684   0.852   0.931   0.938

# da ghi results/r2_7_eps_sweep.csv (30 dong)

=== TRUNG VI theo vo: GNN vs eps-ECMP tot nhat ===
vo         n_sat     GNN |  e=0     e=0.02  e=0.05  e=0.1   e=0.2   e=0.35  e=0.5  | eps tot nhat   chenh
w132_i53     132   0.980 |   0.000   0.263   0.526   0.660   0.657   0.647   0.647 |          0.1  +0.320
w198_i53     198   0.915 |   0.000   0.471   0.820   0.914   0.968   0.968   0.968 |         0.35  -0.053
w264_i53     264   0.898 |  -0.000   0.466   0.793   0.895   0.970   0.970   0.970 |         0.35  -0.072
w396_i53     396   0.933 |   0.000   0.508   0.749   0.825   0.960   0.960   0.960 |         0.35  -0.027
w264_i70     264   0.932 |   0.000   0.145   0.500   0.693   0.869   0.939   0.944 |          0.5  -0.012

=== PHAN QUYET ===
  w132_i53   (132 sat): GNN 0.980 vs ECMP eps=0.1 0.660 = +0.320, thua 0/6 don vi  [GNN thang]
  w198_i53   (198 sat): GNN 0.915 vs ECMP eps=0.35 0.968 = -0.053, thua 6/6 don vi  [⛔ GNN THUA]
  w264_i53   (264 sat): GNN 0.898 vs ECMP eps=0.35 0.970 = -0.072, thua 6/6 don vi  [⛔ GNN THUA]
  w396_i53   (396 sat): GNN 0.933 vs ECMP eps=0.35 0.960 = -0.027, thua 6/6 don vi  [⛔ GNN THUA]
  w264_i70   (264 sat): GNN 0.932 vs ECMP eps=0.5 0.944 = -0.012, thua 4/6 don vi  [⛔ GNN THUA]

  GNN thua o 4/5 vo: w198_i53(198 sat), w264_i53(264 sat), w396_i53(396 sat), w264_i70(264 sat)
  => KHONG phai diem le. Phai doi truc tuyen bo.

  Theo thang kich thuoc [132, 198, 264, 396]: chenh = ['+0.320', '-0.053', '-0.072', '-0.027']
  Chenh KHONG don dieu theo kich thuoc => chua ket luan duoc ve co che.
