R2.7e -- CHU DONG vs TRAI TAI MU duoi hotspot TROI

--- w132 (132 sat, 600 cap)
sd  troi   react  proact  warmT2 |  e=0.05  e=0.2   e=0.35  e=0.5 
 0  0.00   0.894   0.894   0.848 |   0.608   0.702   0.695   0.695
 0  0.30   0.555   0.837   0.874 |   0.601   0.633   0.623   0.623
 0  0.60   0.216   0.844   0.639 |   0.436   0.537   0.525   0.525
 0  1.00  -0.338   0.911   0.263 |   0.462   0.679   0.677   0.677
 0  1.50  -0.992   0.962  -0.003 |   0.318   0.615   0.615   0.615
 1  0.00   0.947   0.947   0.911 |   0.585   0.771   0.772   0.772
 1  0.30   0.789   0.845   0.790 |   0.635   0.784   0.780   0.780
 1  0.60   0.356   0.824   0.773 |   0.648   0.709   0.702   0.702
 1  1.00  -0.051   0.939   0.693 |   0.556   0.747   0.747   0.747
 1  1.50  -1.025   0.965  -0.224 |   0.509   0.800   0.801   0.801
 2  0.00   0.838   0.838   0.855 |   0.617   0.690   0.686   0.686
 2  0.30   0.883   0.910   0.885 |   0.528   0.614   0.608   0.608
 2  0.60   0.694   0.842   0.821 |   0.531   0.597   0.594   0.594
 2  1.00   0.320   0.946   0.661 |   0.591   0.805   0.803   0.803
 2  1.50  -0.925   0.947   0.059 |   0.493   0.836   0.837   0.837
--- w264 (264 sat, 1200 cap)
sd  troi   react  proact  warmT2 |  e=0.05  e=0.2   e=0.35  e=0.5 
 0  0.00   0.806   0.806   0.779 |   0.868   0.977   0.977   0.977
 0  0.30   0.763   0.680   0.690 |   0.854   0.970   0.970   0.970
 0  0.60   0.774   0.701   0.599 |   0.850   0.978   0.978   0.978
 0  1.00   0.853   0.780   0.669 |   0.816   0.987   0.987   0.987
 0  1.50   0.739   0.736   0.759 |   0.792   0.984   0.984   0.984
 1  0.00   0.496   0.496   0.544 |   0.852   0.972   0.972   0.972
 1  0.30   0.398   0.390   0.603 |   0.836   0.969   0.969   0.969
 1  0.60   0.619   0.607   0.568 |   0.824   0.975   0.975   0.975
 1  1.00   0.659   0.568   0.740 |   0.809   0.984   0.984   0.984
 1  1.50   0.483   0.388   0.861 |   0.758   0.986   0.986   0.986
 2  0.00   0.703   0.703   0.811 |   0.847   0.974   0.974   0.974
 2  0.30   0.705   0.608   0.836 |   0.870   0.980   0.980   0.980
 2  0.60   0.764   0.791   0.888 |   0.816   0.976   0.976   0.976
 2  1.00   0.734   0.716   0.855 |   0.806   0.978   0.978   0.978
 2  1.50   0.654   0.799   0.740 |   0.798   0.984   0.984   0.984

# da ghi results/r2_7_proactive_vs_ecmp.csv (30 dong)

=== w132: trung vi theo muc TROI ===
 troi   proact    react  ecmp tot   eps  proact - ecmp
 0.00    0.894    0.894     0.702   0.2         +0.192
 0.30    0.845    0.789     0.633   0.2         +0.212
 0.60    0.842    0.356     0.597   0.2         +0.244
 1.00    0.939   -0.051     0.747   0.2         +0.192
 1.50    0.962   -0.992     0.801  0.35         +0.161
  khoang cach chu-dong tru ecmp theo troi: ['+0.192', '+0.212', '+0.244', '+0.192', '+0.161']
  => KHONG no ra theo troi; o troi lon nhat chu dong THANG ecmp

=== w264: trung vi theo muc TROI ===
 troi   proact    react  ecmp tot   eps  proact - ecmp
 0.00    0.703    0.703     0.974   0.2         -0.271
 0.30    0.608    0.705     0.970   0.2         -0.363
 0.60    0.701    0.764     0.976   0.2         -0.275
 1.00    0.716    0.734     0.984   0.2         -0.267
 1.50    0.736    0.654     0.984   0.2         -0.248
  khoang cach chu-dong tru ecmp theo troi: ['-0.271', '-0.363', '-0.275', '-0.267', '-0.248']
  => NO RONG ra theo troi; o troi lon nhat chu dong THUA ecmp

=== PHAN QUYET ===
  w132: o troi 1.5, chu dong 0.962 vs ecmp tot nhat 0.801 = +0.161
  w264: o troi 1.5, chu dong 0.736 vs ecmp tot nhat 0.984 = -0.248

  Chu dong chi thang tren MOT vo. Yeu, phai khai ro dieu kien.
