R3.2 -- ep kha thi theo dung luong, so canh ket qua BPR goc

shell             pairs sd | blind_util | gain BPR% | goodput blind goodput ue gain gp%
starlink_mini132    100  0 |       0.57 |       0.0 |         1.000      1.000      0.0
starlink_mini132    100  1 |       0.64 |       0.0 |         1.000      1.000      0.0
starlink_mini132    100  2 |       0.85 |       0.2 |         1.000      1.000      0.0
starlink_mini132    300  0 |       1.91 |       7.3 |         0.731      0.950     29.9
starlink_mini132    300  1 |       2.06 |       8.7 |         0.690      0.934     35.4
starlink_mini132    300  2 |       2.02 |       9.6 |         0.663      0.877     32.2
starlink_mini132    600  0 |       3.47 |      54.4 |         0.354      0.581     63.9
starlink_mini132    600  1 |       3.37 |      51.3 |         0.369      0.603     63.5
starlink_mini132    600  2 |       3.56 |      44.7 |         0.376      0.568     50.9
starlink_mini132   1000  0 |       6.65 |      85.0 |         0.201      0.403    101.1
starlink_mini132   1000  1 |       6.23 |      77.5 |         0.216      0.416     92.9
starlink_mini132   1000  2 |       5.84 |      79.1 |         0.200      0.404    102.6
starlink_mini132   1600  0 |       9.26 |      89.8 |         0.139      0.248     77.9
starlink_mini132   1600  1 |       9.41 |      91.4 |         0.137      0.217     58.9
starlink_mini132   1600  2 |       8.96 |      90.8 |         0.147      0.246     67.2
starlink_mini264    100  0 |       0.69 |       0.0 |         1.000      1.000      0.0
starlink_mini264    100  1 |       0.64 |       0.0 |         1.000      1.000      0.0
starlink_mini264    100  2 |       0.73 |       0.0 |         1.000      1.000      0.0
starlink_mini264    300  0 |       1.72 |       6.2 |         0.594      0.814     37.0
starlink_mini264    300  1 |       1.84 |       7.5 |         0.580      0.776     33.8
starlink_mini264    300  2 |       2.00 |      12.3 |         0.561      0.860     53.2
starlink_mini264    600  0 |       3.47 |      59.2 |         0.384      0.492     28.2
starlink_mini264    600  1 |       3.45 |      43.9 |         0.399      0.417      4.4
starlink_mini264    600  2 |       3.77 |      49.2 |         0.411      0.505     22.9
starlink_mini264   1000  0 |       5.47 |      73.5 |         0.379      0.347     -8.4
starlink_mini264   1000  1 |       5.17 |      73.6 |         0.382      0.306    -20.0
starlink_mini264   1000  2 |       5.55 |      84.8 |         0.371      0.299    -19.3
starlink_mini264   1600  0 |       8.24 |      72.0 |         0.270      0.224    -17.1
starlink_mini264   1600  1 |       8.93 |      82.0 |         0.266      0.190    -28.6
starlink_mini264   1600  2 |       7.99 |      73.5 |         0.236      0.238      0.8

# da ghi results/r3_2_feasibility.csv (30 dong)

=== NULL CONDITION theo DC-6: hai thuoc do canh nhau, tach theo mien kha thi ===
mien                           n  gain BPR% (trung vi)  gain goodput% (trung vi)
tai dua vao <= dung luong      6                  0.01                      0.00
tai dua vao 1-2x               3                  7.26                     33.78
tai dua vao 2-4x               9                 44.74                     35.45
tai dua vao >4x               12                 80.54                     29.82

  6/30 cau hinh co tai dua vao nam trong dung luong.
  Cac dong con lai VAN la trang thai van hanh co that: mot hotspot CO THE dua vao
  gap 9 lan dung luong. Cai khong the xay ra la lien ket CHUYEN duoc 9 lan do.
  ⇒ Loi khong nam o mien tai, ma o THUOC DO: BPR bien phan thua thanh do tre mu bon,
    trong khi tren lien ket goi phan thua bi MAT.
