R4.4 -- phan ra thoi gian theo chang; lat cat = 60s (theo MA, khong theo van xuoi)

  w132   sd0: dac trung=  0.043s  forward= 0.001s  giai ma=  0.064s  TONG=  0.108s  =   0.2% lat cat
  w132   sd1: dac trung=  0.047s  forward= 0.001s  giai ma=  0.068s  TONG=  0.116s  =   0.2% lat cat
  w132   sd2: dac trung=  0.047s  forward= 0.001s  giai ma=  0.069s  TONG=  0.117s  =   0.2% lat cat
  w264   sd0: dac trung=  0.234s  forward= 0.002s  giai ma=  0.298s  TONG=  0.534s  =   0.9% lat cat
  w264   sd1: dac trung=  0.239s  forward= 0.002s  giai ma=  0.318s  TONG=  0.559s  =   0.9% lat cat
  w264   sd2: dac trung=  0.236s  forward= 0.001s  giai ma=  0.281s  TONG=  0.518s  =   0.9% lat cat
  w1584  sd0: dac trung=  8.684s  forward= 0.012s  giai ma=  9.172s  TONG= 17.869s  =  29.8% lat cat
  w1584  sd1: dac trung=  8.687s  forward= 0.011s  giai ma=  9.155s  TONG= 17.853s  =  29.8% lat cat
  w1584  sd2: dac trung=  8.252s  forward= 0.011s  giai ma=  8.645s  TONG= 16.908s  =  28.2% lat cat

# da ghi results/r4_4_stage_timing.csv (9 dong)

=== 2.3: co vua mot lat cat khong, va bao nhieu phan TIEN TINH duoc ===
  w132  : tong=  0.116s (  0.2% lat cat) | tien tinh duoc= 0.001s ( 0.9%) | phu thuoc nhu cau=  0.115s (99.2%)
  w264  : tong=  0.534s (  0.9% lat cat) | tien tinh duoc= 0.002s ( 0.3%) | phu thuoc nhu cau=  0.532s (99.7%)
  w1584 : tong= 17.853s ( 29.8% lat cat) | tien tinh duoc= 0.011s ( 0.1%) | phu thuoc nhu cau= 17.842s (99.9%)

  => Phan TIEN TINH DUOC chi la forward cua GNN. Hai chang con lai deu can ma tran
     nhu cau cua lat cat dang xet, nen tuyen bo 'topology biet truoc nen tien tinh
     duoc feature pass va forward' la SAI o ve dau va do la ve nang hon.

  Voi lat cat 60s, vo 1584 dung het 29.8% ngan sach: VUA.
  Nhung van xuoi cua bai viet 'topology changing every few seconds' de loai UE.
  Neu lat cat that su chi vai giay thi GNN cung bi loai boi chinh tieu chi do.
  Mot trong hai phai sua, va sua theo MA moi dung: mo phong dung 60s.
